#-----------------------------------------------------------
# Vivado v2019.1 (64-bit)
# SW Build 2552052 on Fri May 24 14:49:42 MDT 2019
# IP Build 2548770 on Fri May 24 18:01:18 MDT 2019
# Start of session at: Fri Nov  4 14:26:41 2022
# Process ID: 1180
# Current directory: C:/Users/45983224/AppData/Roaming/Xilinx/Vivado
# Command line: vivado.exe -gui_launcher_event rodinguilauncherevent14488
# Log file: C:/Users/45983224/AppData/Roaming/Xilinx/Vivado/vivado.log
# Journal file: C:/Users/45983224/AppData/Roaming/Xilinx/Vivado\vivado.jou
#-----------------------------------------------------------
start_gui
open_project H:/complex_design/complex_design.xpr
launch_simulation
update_compile_order -fileset sources_1
launch_simulation
source game_tb.tcl
close_sim
launch_simulation
source game_tb.tcl
close_sim
launch_simulation
launch_simulation
source game_tb.tcl
close_sim
launch_simulation
source game_tb.tcl
close_sim
launch_simulation
update_compile_order -fileset sources_1
launch_simulation
update_compile_order -fileset sources_1
close_project
open_project H:/complex_design/complex_design.xpr
launch_simulation
source game_tb.tcl
update_compile_order -fileset sources_1
close_sim
launch_simulation
source game_tb.tcl
close_sim
launch_simulation
source game_tb.tcl
close_sim
launch_simulation
source game_tb.tcl
close_sim
launch_simulation
source game_tb.tcl
close_sim
launch_simulation
source game_tb.tcl
close_sim
launch_simulation
source game_tb.tcl
close_sim
launch_simulation
source game_tb.tcl
close_sim
launch_simulation
launch_simulation
source game_tb.tcl
set_property SOURCE_SET sources_1 [get_filesets sim_1]
close [ open H:/complex_design/complex_design.srcs/sim_1/new/game_tb2.v w ]
add_files -fileset sim_1 H:/complex_design/complex_design.srcs/sim_1/new/game_tb2.v
update_compile_order -fileset sim_1
# Disabling source management mode.  This is to allow the top design properties to be set without GUI intervention.
set_property source_mgmt_mode None [current_project]
set_property top game_tb2 [get_filesets sim_1]
set_property top_lib xil_defaultlib [get_filesets sim_1]
# Re-enabling previously disabled source management mode.
set_property source_mgmt_mode All [current_project]
update_compile_order -fileset sim_1
launch_simulation
close_sim
launch_simulation
source game_tb2.tcl
set_property SOURCE_SET sources_1 [get_filesets sim_1]
close [ open H:/complex_design/complex_design.srcs/sim_1/new/match_tb.v w ]
add_files -fileset sim_1 H:/complex_design/complex_design.srcs/sim_1/new/match_tb.v
update_compile_order -fileset sim_1
close_sim
launch_simulation
source game_tb2.tcl
# Disabling source management mode.  This is to allow the top design properties to be set without GUI intervention.
set_property source_mgmt_mode None [current_project]
set_property top match_tb [get_filesets sim_1]
set_property top_lib xil_defaultlib [get_filesets sim_1]
# Re-enabling previously disabled source management mode.
set_property source_mgmt_mode All [current_project]
update_compile_order -fileset sim_1
close_sim
launch_simulation
source match_tb.tcl
set_property SOURCE_SET sources_1 [get_filesets sim_1]
close [ open H:/complex_design/complex_design.srcs/sim_1/new/match_tb2.v w ]
add_files -fileset sim_1 H:/complex_design/complex_design.srcs/sim_1/new/match_tb2.v
update_compile_order -fileset sim_1
close_sim
launch_simulation
source match_tb.tcl
close_sim
launch_simulation
source match_tb.tcl
close_sim
launch_simulation
source match_tb.tcl
close_sim
launch_simulation
source match_tb.tcl
close_sim
launch_simulation
source match_tb.tcl
export_ip_user_files -of_objects  [get_files H:/complex_design/complex_design.srcs/sim_1/new/match_tb2.v] -no_script -reset -force -quiet
remove_files  -fileset sim_1 H:/complex_design/complex_design.srcs/sim_1/new/match_tb2.v
file delete -force H:/complex_design/complex_design.srcs/sim_1/new/match_tb2.v
remove_files  -fileset sim_1 H:/complex_design/complex_design.srcs/sim_1/new/match_tb2.v
set_property SOURCE_SET sources_1 [get_filesets sim_1]
close [ open H:/complex_design/complex_design.srcs/sim_1/new/set_tb.v w ]
add_files -fileset sim_1 H:/complex_design/complex_design.srcs/sim_1/new/set_tb.v
update_compile_order -fileset sim_1
close_sim
# Disabling source management mode.  This is to allow the top design properties to be set without GUI intervention.
set_property source_mgmt_mode None [current_project]
set_property top set_tb [get_filesets sim_1]
set_property top_lib xil_defaultlib [get_filesets sim_1]
# Re-enabling previously disabled source management mode.
set_property source_mgmt_mode All [current_project]
update_compile_order -fileset sim_1
launch_simulation
source set_tb.tcl
close_sim
launch_simulation
source set_tb.tcl
close_sim
launch_simulation
source set_tb.tcl
close_sim
launch_simulation
source set_tb.tcl
close_sim
launch_simulation
source set_tb.tcl
archive_project H:/complex_design.xpr.zip -temp_dir C:/Users/45983224/AppData/Roaming/Xilinx/Vivado/.Xil/Vivado-1180-9WW235-PC04 -force -include_local_ip_cache
